
Memory Configuration

Name             Origin             Length             Attributes
*default*        0x00000000         0xffffffff

Linker script and memory map

LOAD crt0_gnu.o
LOAD at91sam9263ek.o
LOAD main.o
LOAD gpio.o
LOAD pmc.o
LOAD debug.o
LOAD sdramc.o
LOAD dataflash.o
LOAD _udivsi3.o
LOAD _umodsi3.o
LOAD div0.o
LOAD udiv.o
LOAD string.o
                0x00000000                . = ALIGN (0x4)

.text           0x00300000      0xe8c
                0x00300000                _stext = .
 *(.text)
 .text          0x00300000      0x130 crt0_gnu.o
                0x00300000                reset
 .text          0x00300130       0xf0 at91sam9263ek.o
                0x00300130                df_hw_init
                0x00300170                hw_init
                0x00300150                sdramc_hw_init
 .text          0x00300220       0x30 main.o
                0x00300220                main
 .text          0x00300250      0x230 gpio.o
                0x00300430                pio_set_value
                0x00300258                pio_get_value
                0x00300294                pio_setup
 .text          0x00300480       0xd4 pmc.o
                0x00300480                pmc_cfg_plla
                0x003004ec                pmc_cfg_mck
                0x00300520                pmc_cfg_pllb
                0x003004b4                pmc_cfg_pck
 .text          0x00300554        0x0 debug.o
 .text          0x00300554      0x134 sdramc.o
                0x00300554                sdram_init
 .text          0x00300688      0x390 dataflash.o
                0x00300838                load_df
                0x00300688                df_send_command
 .text          0x00300a18       0x98 _udivsi3.o
                0x00300a18                __udivsi3
                0x00300a18                __aeabi_uidiv
 .text          0x00300ab0       0xcc _umodsi3.o
                0x00300ab0                __umodsi3
                0x00300b64                __aeabi_uidivmod
 .text          0x00300b7c        0x4 div0.o
                0x00300b7c                __div0
 .text          0x00300b80       0x54 udiv.o
                0x00300b80                udiv
 .text          0x00300bd4       0xa0 string.o
                0x00300c54                memcpy
                0x00300bf0                bcopy
                0x00300bd4                memset
 *(.rodata)
 .rodata        0x00300c74      0x1b8 at91sam9263ek.o
 *(.rodata*)
 .rodata.str1.4
                0x00300e2c       0x60 at91sam9263ek.o
                0x00300e8c                . = ALIGN (0x4)
                0x00300e8c                _etext = .

.glue_7         0x00300e8c        0x0
 .glue_7        0x00300e8c        0x0 crt0_gnu.o
 .glue_7        0x00300e8c        0x0 at91sam9263ek.o
 .glue_7        0x00300e8c        0x0 main.o
 .glue_7        0x00300e8c        0x0 gpio.o
 .glue_7        0x00300e8c        0x0 pmc.o
 .glue_7        0x00300e8c        0x0 debug.o
 .glue_7        0x00300e8c        0x0 sdramc.o
 .glue_7        0x00300e8c        0x0 dataflash.o
 .glue_7        0x00300e8c        0x0 _udivsi3.o
 .glue_7        0x00300e8c        0x0 _umodsi3.o
 .glue_7        0x00300e8c        0x0 div0.o
 .glue_7        0x00300e8c        0x0 udiv.o
 .glue_7        0x00300e8c        0x0 string.o

.glue_7t        0x00300e8c        0x0
 .glue_7t       0x00300e8c        0x0 crt0_gnu.o
 .glue_7t       0x00300e8c        0x0 at91sam9263ek.o
 .glue_7t       0x00300e8c        0x0 main.o
 .glue_7t       0x00300e8c        0x0 gpio.o
 .glue_7t       0x00300e8c        0x0 pmc.o
 .glue_7t       0x00300e8c        0x0 debug.o
 .glue_7t       0x00300e8c        0x0 sdramc.o
 .glue_7t       0x00300e8c        0x0 dataflash.o
 .glue_7t       0x00300e8c        0x0 _udivsi3.o
 .glue_7t       0x00300e8c        0x0 _umodsi3.o
 .glue_7t       0x00300e8c        0x0 div0.o
 .glue_7t       0x00300e8c        0x0 udiv.o
 .glue_7t       0x00300e8c        0x0 string.o

.vfp11_veneer   0x00300e8c        0x0
 .vfp11_veneer  0x00300e8c        0x0 crt0_gnu.o
 .vfp11_veneer  0x00300e8c        0x0 at91sam9263ek.o
 .vfp11_veneer  0x00300e8c        0x0 main.o
 .vfp11_veneer  0x00300e8c        0x0 gpio.o
 .vfp11_veneer  0x00300e8c        0x0 pmc.o
 .vfp11_veneer  0x00300e8c        0x0 debug.o
 .vfp11_veneer  0x00300e8c        0x0 sdramc.o
 .vfp11_veneer  0x00300e8c        0x0 dataflash.o
 .vfp11_veneer  0x00300e8c        0x0 _udivsi3.o
 .vfp11_veneer  0x00300e8c        0x0 _umodsi3.o
 .vfp11_veneer  0x00300e8c        0x0 div0.o
 .vfp11_veneer  0x00300e8c        0x0 udiv.o
 .vfp11_veneer  0x00300e8c        0x0 string.o

.data           0x00300e8c        0x0 load address 0x00300e8c
                0x00300e8c                _sdata = .
 *(.vectors)
 *(.data)
 .data          0x00300e8c        0x0 crt0_gnu.o
 .data          0x00300e8c        0x0 at91sam9263ek.o
 .data          0x00300e8c        0x0 main.o
 .data          0x00300e8c        0x0 gpio.o
 .data          0x00300e8c        0x0 pmc.o
 .data          0x00300e8c        0x0 debug.o
 .data          0x00300e8c        0x0 sdramc.o
 .data          0x00300e8c        0x0 dataflash.o
 .data          0x00300e8c        0x0 _udivsi3.o
 .data          0x00300e8c        0x0 _umodsi3.o
 .data          0x00300e8c        0x0 div0.o
 .data          0x00300e8c        0x0 udiv.o
 .data          0x00300e8c        0x0 string.o
                0x00300e8c                _edata = .

.bss            0x00300e8c        0x0
                0x00300e8c                . = ALIGN (0x4)
                0x00300e8c                _sbss = .
 *(.bss)
 .bss           0x00300e8c        0x0 crt0_gnu.o
 .bss           0x00300e8c        0x0 at91sam9263ek.o
 .bss           0x00300e8c        0x0 main.o
 .bss           0x00300e8c        0x0 gpio.o
 .bss           0x00300e8c        0x0 pmc.o
 .bss           0x00300e8c        0x0 debug.o
 .bss           0x00300e8c        0x0 sdramc.o
 .bss           0x00300e8c        0x0 dataflash.o
 .bss           0x00300e8c        0x0 _udivsi3.o
 .bss           0x00300e8c        0x0 _umodsi3.o
 .bss           0x00300e8c        0x0 div0.o
 .bss           0x00300e8c        0x0 udiv.o
 .bss           0x00300e8c        0x0 string.o
                0x00300e8c                _ebss = .
                0x00300e8c                end = .
Address of section .text set to 0x300000
OUTPUT(dataflash_at91sam9263ek.elf elf32-littlearm)
                0x00300e8c                . = ALIGN (0x1)
                0x00300e8c                __start_start = .

start           0x00000000        0x0
 start          0x00000000        0x0 crt0_gnu.o
                0x00000000                __stop_start = .

.ARM.attributes
                0x00000000       0x10
 .ARM.attributes
                0x00000000       0x1a crt0_gnu.o
 .ARM.attributes
                0x0000001a       0x2a at91sam9263ek.o
 .ARM.attributes
                0x00000044       0x2a main.o
 .ARM.attributes
                0x0000006e       0x2a gpio.o
 .ARM.attributes
                0x00000098       0x2a pmc.o
 .ARM.attributes
                0x000000c2       0x28 debug.o
 .ARM.attributes
                0x000000ea       0x2a sdramc.o
 .ARM.attributes
                0x00000114       0x2a dataflash.o
 .ARM.attributes
                0x0000013e       0x1a _udivsi3.o
 .ARM.attributes
                0x00000158       0x1a _umodsi3.o
 .ARM.attributes
                0x00000172       0x2a div0.o
 .ARM.attributes
                0x0000019c       0x2a udiv.o
 .ARM.attributes
                0x000001c6       0x2a string.o

.debug_line     0x00000000      0x7f0
 .debug_line    0x00000000       0x84 crt0_gnu.o
 .debug_line    0x00000084       0xc9 at91sam9263ek.o
 .debug_line    0x0000014d       0x49 main.o
 .debug_line    0x00000196      0x125 gpio.o
 .debug_line    0x000002bb       0x82 pmc.o
 .debug_line    0x0000033d       0x1d debug.o
 .debug_line    0x0000035a       0xc7 sdramc.o
 .debug_line    0x00000421      0x1a3 dataflash.o
 .debug_line    0x000005c4       0x6c _udivsi3.o
 .debug_line    0x00000630       0x79 _umodsi3.o
 .debug_line    0x000006a9       0x43 div0.o
 .debug_line    0x000006ec       0xb2 udiv.o
 .debug_line    0x0000079e       0x52 string.o

.debug_info     0x00000000     0x1a8c
 .debug_info    0x00000000       0x8c crt0_gnu.o
 .debug_info    0x0000008c      0x185 at91sam9263ek.o
 .debug_info    0x00000211       0x5e main.o
 .debug_info    0x0000026f      0x7f0 gpio.o
 .debug_info    0x00000a5f      0x23a pmc.o
 .debug_info    0x00000c99        0x0 debug.o
 .debug_info    0x00000c99      0x232 sdramc.o
 .debug_info    0x00000ecb      0x7f5 dataflash.o
 .debug_info    0x000016c0       0x90 _udivsi3.o
 .debug_info    0x00001750       0x90 _umodsi3.o
 .debug_info    0x000017e0       0x39 div0.o
 .debug_info    0x00001819      0x12a udiv.o
 .debug_info    0x00001943      0x149 string.o

.debug_abbrev   0x00000000      0x937
 .debug_abbrev  0x00000000       0x14 crt0_gnu.o
 .debug_abbrev  0x00000014       0xb1 at91sam9263ek.o
 .debug_abbrev  0x000000c5       0x4a main.o
 .debug_abbrev  0x0000010f      0x1ce gpio.o
 .debug_abbrev  0x000002dd      0x105 pmc.o
 .debug_abbrev  0x000003e2        0x1 debug.o
 .debug_abbrev  0x000003e3       0xcc sdramc.o
 .debug_abbrev  0x000004af      0x28c dataflash.o
 .debug_abbrev  0x0000073b       0x14 _udivsi3.o
 .debug_abbrev  0x0000074f       0x14 _umodsi3.o
 .debug_abbrev  0x00000763       0x29 div0.o
 .debug_abbrev  0x0000078c       0xcb udiv.o
 .debug_abbrev  0x00000857       0xe0 string.o

.debug_aranges  0x00000000      0x180
 .debug_aranges
                0x00000000       0x20 crt0_gnu.o
 .debug_aranges
                0x00000020       0x20 at91sam9263ek.o
 .debug_aranges
                0x00000040       0x20 main.o
 .debug_aranges
                0x00000060       0x20 gpio.o
 .debug_aranges
                0x00000080       0x20 pmc.o
 .debug_aranges
                0x000000a0       0x20 sdramc.o
 .debug_aranges
                0x000000c0       0x20 dataflash.o
 .debug_aranges
                0x000000e0       0x20 _udivsi3.o
 .debug_aranges
                0x00000100       0x20 _umodsi3.o
 .debug_aranges
                0x00000120       0x20 div0.o
 .debug_aranges
                0x00000140       0x20 udiv.o
 .debug_aranges
                0x00000160       0x20 string.o

.debug_frame    0x00000000      0x288
 .debug_frame   0x00000000       0x5c at91sam9263ek.o
 .debug_frame   0x0000005c       0x28 main.o
 .debug_frame   0x00000084       0x74 gpio.o
 .debug_frame   0x000000f8       0x50 pmc.o
 .debug_frame   0x00000148       0x30 sdramc.o
 .debug_frame   0x00000178       0x80 dataflash.o
 .debug_frame   0x000001f8       0x20 div0.o
 .debug_frame   0x00000218       0x28 udiv.o
 .debug_frame   0x00000240       0x48 string.o

.debug_loc      0x00000000      0x9a9
 .debug_loc     0x00000000       0x81 at91sam9263ek.o
 .debug_loc     0x00000081       0x1f main.o
 .debug_loc     0x000000a0      0x394 gpio.o
 .debug_loc     0x00000434       0x93 pmc.o
 .debug_loc     0x000004c7       0x98 sdramc.o
 .debug_loc     0x0000055f      0x309 dataflash.o
 .debug_loc     0x00000868       0x63 udiv.o
 .debug_loc     0x000008cb       0xde string.o

.debug_pubnames
                0x00000000      0x1b0
 .debug_pubnames
                0x00000000       0x40 at91sam9263ek.o
 .debug_pubnames
                0x00000040       0x1b main.o
 .debug_pubnames
                0x0000005b       0x44 gpio.o
 .debug_pubnames
                0x0000009f       0x54 pmc.o
 .debug_pubnames
                0x000000f3       0x21 sdramc.o
 .debug_pubnames
                0x00000114       0x32 dataflash.o
 .debug_pubnames
                0x00000146       0x1d div0.o
 .debug_pubnames
                0x00000163       0x1b udiv.o
 .debug_pubnames
                0x0000017e       0x32 string.o

.debug_str      0x00000000      0x5d1
 .debug_str     0x00000000      0x148 at91sam9263ek.o
                                0x167 (size before relaxing)
 .debug_str     0x00000148       0x15 main.o
                                 0xa9 (size before relaxing)
 .debug_str     0x0000015d       0xf2 gpio.o
                                0x203 (size before relaxing)
 .debug_str     0x0000024f       0x92 pmc.o
                                0x12e (size before relaxing)
 .debug_str     0x000002e1       0x4f sdramc.o
                                 0xeb (size before relaxing)
 .debug_str     0x00000330      0x20c dataflash.o
                                0x319 (size before relaxing)
 .debug_str     0x0000053c       0x1b div0.o
                                 0x8f (size before relaxing)
 .debug_str     0x00000557       0x3d udiv.o
                                0x14c (size before relaxing)
 .debug_str     0x00000594       0x3d string.o
                                 0xdb (size before relaxing)

.comment        0x00000000      0x302
 .comment       0x00000000       0x4d at91sam9263ek.o
 .comment       0x0000004d       0x4d main.o
 .comment       0x0000009a       0x4d gpio.o
 .comment       0x000000e7       0x4d pmc.o
 .comment       0x00000134       0x4d debug.o
 .comment       0x00000181       0x4d sdramc.o
 .comment       0x000001ce       0x4d dataflash.o
 .comment       0x0000021b       0x4d div0.o
 .comment       0x00000268       0x4d udiv.o
 .comment       0x000002b5       0x4d string.o

.note.GNU-stack
                0x00000000        0x0
 .note.GNU-stack
                0x00000000        0x0 at91sam9263ek.o
 .note.GNU-stack
                0x00000000        0x0 main.o
 .note.GNU-stack
                0x00000000        0x0 gpio.o
 .note.GNU-stack
                0x00000000        0x0 pmc.o
 .note.GNU-stack
                0x00000000        0x0 debug.o
 .note.GNU-stack
                0x00000000        0x0 sdramc.o
 .note.GNU-stack
                0x00000000        0x0 dataflash.o
 .note.GNU-stack
                0x00000000        0x0 div0.o
 .note.GNU-stack
                0x00000000        0x0 udiv.o
 .note.GNU-stack
                0x00000000        0x0 string.o

.debug_ranges   0x00000000      0x3d0
 .debug_ranges  0x00000000       0xa8 gpio.o
 .debug_ranges  0x000000a8       0xc0 pmc.o
 .debug_ranges  0x00000168       0x80 sdramc.o
 .debug_ranges  0x000001e8      0x1e8 dataflash.o

Cross Reference Table

Symbol                                            File
__aeabi_uidiv                                     _udivsi3.o
                                                  _umodsi3.o
__aeabi_uidivmod                                  _umodsi3.o
__div0                                            div0.o
                                                  _umodsi3.o
                                                  _udivsi3.o
__udivsi3                                         _udivsi3.o
__umodsi3                                         _umodsi3.o
_ebss                                             crt0_gnu.o
_edata                                            crt0_gnu.o
_etext                                            crt0_gnu.o
_sbss                                             crt0_gnu.o
_sdata                                            crt0_gnu.o
bcopy                                             string.o
df_hw_init                                        at91sam9263ek.o
                                                  dataflash.o
df_send_command                                   dataflash.o
hw_init                                           at91sam9263ek.o
                                                  main.o
load_df                                           dataflash.o
                                                  main.o
main                                              main.o
                                                  crt0_gnu.o
memcpy                                            string.o
memset                                            string.o
                                                  at91sam9263ek.o
pio_get_value                                     gpio.o
pio_set_value                                     gpio.o
pio_setup                                         gpio.o
                                                  at91sam9263ek.o
pmc_cfg_mck                                       pmc.o
                                                  at91sam9263ek.o
pmc_cfg_pck                                       pmc.o
pmc_cfg_plla                                      pmc.o
                                                  at91sam9263ek.o
pmc_cfg_pllb                                      pmc.o
                                                  at91sam9263ek.o
reset                                             crt0_gnu.o
sdram_init                                        sdramc.o
                                                  at91sam9263ek.o
sdramc_hw_init                                    at91sam9263ek.o
                                                  sdramc.o
udiv                                              udiv.o
                                                  dataflash.o
