
Memory Configuration

Name             Origin             Length             Attributes
*default*        0x00000000         0xffffffff

Linker script and memory map

LOAD crt0_gnu.o
LOAD at91sam9xeek.o
LOAD main.o
LOAD gpio.o
LOAD pmc.o
LOAD debug.o
LOAD sdramc.o
LOAD dataflash.o
LOAD _udivsi3.o
LOAD _umodsi3.o
LOAD div0.o
LOAD udiv.o
LOAD string.o
                0x00000000                . = ALIGN (0x4)

.text           0x00200000      0xd88
                0x00200000                _stext = .
 *(.text)
 .text          0x00200000      0x140 crt0_gnu.o
                0x00200000                reset
 .text          0x00200140      0x140 at91sam9xeek.o
                0x00200158                df_hw_init
                0x002001d4                hw_init
                0x00200140                sdramc_hw_init
                0x00200178                df_recovery
 .text          0x00200280       0x30 main.o
                0x00200280                main
 .text          0x002002b0      0x230 gpio.o
                0x00200490                pio_set_value
                0x002002b8                pio_get_value
                0x002002f4                pio_setup
 .text          0x002004e0       0xd4 pmc.o
                0x002004e0                pmc_cfg_plla
                0x0020054c                pmc_cfg_mck
                0x00200580                pmc_cfg_pllb
                0x00200514                pmc_cfg_pck
 .text          0x002005b4        0x0 debug.o
 .text          0x002005b4      0x134 sdramc.o
                0x002005b4                sdram_init
 .text          0x002006e8      0x394 dataflash.o
                0x00200898                load_df
                0x002006e8                df_send_command
 .text          0x00200a7c       0x98 _udivsi3.o
                0x00200a7c                __udivsi3
                0x00200a7c                __aeabi_uidiv
 .text          0x00200b14       0xcc _umodsi3.o
                0x00200b14                __umodsi3
                0x00200bc8                __aeabi_uidivmod
 .text          0x00200be0        0x4 div0.o
                0x00200be0                __div0
 .text          0x00200be4       0x54 udiv.o
                0x00200be4                udiv
 .text          0x00200c38       0xa0 string.o
                0x00200cb8                memcpy
                0x00200c54                bcopy
                0x00200c38                memset
 *(.rodata)
 .rodata        0x00200cd8       0x8c at91sam9xeek.o
 *(.rodata*)
 .rodata.str1.4
                0x00200d64       0x24 at91sam9xeek.o
                0x00200d88                . = ALIGN (0x4)
                0x00200d88                _etext = .

.glue_7         0x00200d88        0x0
 .glue_7        0x00200d88        0x0 crt0_gnu.o
 .glue_7        0x00200d88        0x0 at91sam9xeek.o
 .glue_7        0x00200d88        0x0 main.o
 .glue_7        0x00200d88        0x0 gpio.o
 .glue_7        0x00200d88        0x0 pmc.o
 .glue_7        0x00200d88        0x0 debug.o
 .glue_7        0x00200d88        0x0 sdramc.o
 .glue_7        0x00200d88        0x0 dataflash.o
 .glue_7        0x00200d88        0x0 _udivsi3.o
 .glue_7        0x00200d88        0x0 _umodsi3.o
 .glue_7        0x00200d88        0x0 div0.o
 .glue_7        0x00200d88        0x0 udiv.o
 .glue_7        0x00200d88        0x0 string.o

.glue_7t        0x00200d88        0x0
 .glue_7t       0x00200d88        0x0 crt0_gnu.o
 .glue_7t       0x00200d88        0x0 at91sam9xeek.o
 .glue_7t       0x00200d88        0x0 main.o
 .glue_7t       0x00200d88        0x0 gpio.o
 .glue_7t       0x00200d88        0x0 pmc.o
 .glue_7t       0x00200d88        0x0 debug.o
 .glue_7t       0x00200d88        0x0 sdramc.o
 .glue_7t       0x00200d88        0x0 dataflash.o
 .glue_7t       0x00200d88        0x0 _udivsi3.o
 .glue_7t       0x00200d88        0x0 _umodsi3.o
 .glue_7t       0x00200d88        0x0 div0.o
 .glue_7t       0x00200d88        0x0 udiv.o
 .glue_7t       0x00200d88        0x0 string.o

.vfp11_veneer   0x00200d88        0x0
 .vfp11_veneer  0x00200d88        0x0 crt0_gnu.o
 .vfp11_veneer  0x00200d88        0x0 at91sam9xeek.o
 .vfp11_veneer  0x00200d88        0x0 main.o
 .vfp11_veneer  0x00200d88        0x0 gpio.o
 .vfp11_veneer  0x00200d88        0x0 pmc.o
 .vfp11_veneer  0x00200d88        0x0 debug.o
 .vfp11_veneer  0x00200d88        0x0 sdramc.o
 .vfp11_veneer  0x00200d88        0x0 dataflash.o
 .vfp11_veneer  0x00200d88        0x0 _udivsi3.o
 .vfp11_veneer  0x00200d88        0x0 _umodsi3.o
 .vfp11_veneer  0x00200d88        0x0 div0.o
 .vfp11_veneer  0x00200d88        0x0 udiv.o
 .vfp11_veneer  0x00200d88        0x0 string.o

.data           0x00300000        0x0 load address 0x00200d88
                0x00300000                _sdata = .
 *(.vectors)
 *(.data)
 .data          0x00300000        0x0 crt0_gnu.o
 .data          0x00300000        0x0 at91sam9xeek.o
 .data          0x00300000        0x0 main.o
 .data          0x00300000        0x0 gpio.o
 .data          0x00300000        0x0 pmc.o
 .data          0x00300000        0x0 debug.o
 .data          0x00300000        0x0 sdramc.o
 .data          0x00300000        0x0 dataflash.o
 .data          0x00300000        0x0 _udivsi3.o
 .data          0x00300000        0x0 _umodsi3.o
 .data          0x00300000        0x0 div0.o
 .data          0x00300000        0x0 udiv.o
 .data          0x00300000        0x0 string.o
                0x00300000                _edata = .

.bss            0x00300000        0x0
                0x00300000                . = ALIGN (0x4)
                0x00300000                _sbss = .
 *(.bss)
 .bss           0x00300000        0x0 crt0_gnu.o
 .bss           0x00300000        0x0 at91sam9xeek.o
 .bss           0x00300000        0x0 main.o
 .bss           0x00300000        0x0 gpio.o
 .bss           0x00300000        0x0 pmc.o
 .bss           0x00300000        0x0 debug.o
 .bss           0x00300000        0x0 sdramc.o
 .bss           0x00300000        0x0 dataflash.o
 .bss           0x00300000        0x0 _udivsi3.o
 .bss           0x00300000        0x0 _umodsi3.o
 .bss           0x00300000        0x0 div0.o
 .bss           0x00300000        0x0 udiv.o
 .bss           0x00300000        0x0 string.o
                0x00300000                _ebss = .
                0x00300000                end = .
Address of section .text set to 0x200000
Address of section .data set to 0x300000
OUTPUT(dataflash_at91sam9xeek.elf elf32-littlearm)
                0x00300000                . = ALIGN (0x1)
                0x00300000                __start_start = .

start           0x00000000        0x0
 start          0x00000000        0x0 crt0_gnu.o
                0x00000000                __stop_start = .

.ARM.attributes
                0x00000000       0x10
 .ARM.attributes
                0x00000000       0x1a crt0_gnu.o
 .ARM.attributes
                0x0000001a       0x2a at91sam9xeek.o
 .ARM.attributes
                0x00000044       0x2a main.o
 .ARM.attributes
                0x0000006e       0x2a gpio.o
 .ARM.attributes
                0x00000098       0x2a pmc.o
 .ARM.attributes
                0x000000c2       0x28 debug.o
 .ARM.attributes
                0x000000ea       0x2a sdramc.o
 .ARM.attributes
                0x00000114       0x2a dataflash.o
 .ARM.attributes
                0x0000013e       0x1a _udivsi3.o
 .ARM.attributes
                0x00000158       0x1a _umodsi3.o
 .ARM.attributes
                0x00000172       0x2a div0.o
 .ARM.attributes
                0x0000019c       0x2a udiv.o
 .ARM.attributes
                0x000001c6       0x2a string.o

.debug_line     0x00000000      0x80c
 .debug_line    0x00000000       0x84 crt0_gnu.o
 .debug_line    0x00000084       0xe5 at91sam9xeek.o
 .debug_line    0x00000169       0x49 main.o
 .debug_line    0x000001b2      0x125 gpio.o
 .debug_line    0x000002d7       0x82 pmc.o
 .debug_line    0x00000359       0x1d debug.o
 .debug_line    0x00000376       0xc7 sdramc.o
 .debug_line    0x0000043d      0x1a3 dataflash.o
 .debug_line    0x000005e0       0x6c _udivsi3.o
 .debug_line    0x0000064c       0x79 _umodsi3.o
 .debug_line    0x000006c5       0x43 div0.o
 .debug_line    0x00000708       0xb2 udiv.o
 .debug_line    0x000007ba       0x52 string.o

.debug_info     0x00000000     0x1bf6
 .debug_info    0x00000000       0x8b crt0_gnu.o
 .debug_info    0x0000008b      0x30c at91sam9xeek.o
 .debug_info    0x00000397       0x5e main.o
 .debug_info    0x000003f5      0x7f0 gpio.o
 .debug_info    0x00000be5      0x23a pmc.o
 .debug_info    0x00000e1f        0x0 debug.o
 .debug_info    0x00000e1f      0x232 sdramc.o
 .debug_info    0x00001051      0x7db dataflash.o
 .debug_info    0x0000182c       0x8f _udivsi3.o
 .debug_info    0x000018bb       0x8f _umodsi3.o
 .debug_info    0x0000194a       0x39 div0.o
 .debug_info    0x00001983      0x12a udiv.o
 .debug_info    0x00001aad      0x149 string.o

.debug_abbrev   0x00000000      0x9fb
 .debug_abbrev  0x00000000       0x14 crt0_gnu.o
 .debug_abbrev  0x00000014      0x175 at91sam9xeek.o
 .debug_abbrev  0x00000189       0x4a main.o
 .debug_abbrev  0x000001d3      0x1ce gpio.o
 .debug_abbrev  0x000003a1      0x105 pmc.o
 .debug_abbrev  0x000004a6        0x1 debug.o
 .debug_abbrev  0x000004a7       0xcc sdramc.o
 .debug_abbrev  0x00000573      0x28c dataflash.o
 .debug_abbrev  0x000007ff       0x14 _udivsi3.o
 .debug_abbrev  0x00000813       0x14 _umodsi3.o
 .debug_abbrev  0x00000827       0x29 div0.o
 .debug_abbrev  0x00000850       0xcb udiv.o
 .debug_abbrev  0x0000091b       0xe0 string.o

.debug_aranges  0x00000000      0x180
 .debug_aranges
                0x00000000       0x20 crt0_gnu.o
 .debug_aranges
                0x00000020       0x20 at91sam9xeek.o
 .debug_aranges
                0x00000040       0x20 main.o
 .debug_aranges
                0x00000060       0x20 gpio.o
 .debug_aranges
                0x00000080       0x20 pmc.o
 .debug_aranges
                0x000000a0       0x20 sdramc.o
 .debug_aranges
                0x000000c0       0x20 dataflash.o
 .debug_aranges
                0x000000e0       0x20 _udivsi3.o
 .debug_aranges
                0x00000100       0x20 _umodsi3.o
 .debug_aranges
                0x00000120       0x20 div0.o
 .debug_aranges
                0x00000140       0x20 udiv.o
 .debug_aranges
                0x00000160       0x20 string.o

.debug_frame    0x00000000      0x29c
 .debug_frame   0x00000000       0x70 at91sam9xeek.o
 .debug_frame   0x00000070       0x28 main.o
 .debug_frame   0x00000098       0x74 gpio.o
 .debug_frame   0x0000010c       0x50 pmc.o
 .debug_frame   0x0000015c       0x30 sdramc.o
 .debug_frame   0x0000018c       0x80 dataflash.o
 .debug_frame   0x0000020c       0x20 div0.o
 .debug_frame   0x0000022c       0x28 udiv.o
 .debug_frame   0x00000254       0x48 string.o

.debug_loc      0x00000000      0x9da
 .debug_loc     0x00000000       0xb2 at91sam9xeek.o
 .debug_loc     0x000000b2       0x1f main.o
 .debug_loc     0x000000d1      0x394 gpio.o
 .debug_loc     0x00000465       0x93 pmc.o
 .debug_loc     0x000004f8       0x98 sdramc.o
 .debug_loc     0x00000590      0x309 dataflash.o
 .debug_loc     0x00000899       0x63 udiv.o
 .debug_loc     0x000008fc       0xde string.o

.debug_pubnames
                0x00000000      0x1c0
 .debug_pubnames
                0x00000000       0x50 at91sam9xeek.o
 .debug_pubnames
                0x00000050       0x1b main.o
 .debug_pubnames
                0x0000006b       0x44 gpio.o
 .debug_pubnames
                0x000000af       0x54 pmc.o
 .debug_pubnames
                0x00000103       0x21 sdramc.o
 .debug_pubnames
                0x00000124       0x32 dataflash.o
 .debug_pubnames
                0x00000156       0x1d div0.o
 .debug_pubnames
                0x00000173       0x1b udiv.o
 .debug_pubnames
                0x0000018e       0x32 string.o

.debug_str      0x00000000      0x5e9
 .debug_str     0x00000000      0x1ec at91sam9xeek.o
                                0x240 (size before relaxing)
 .debug_str     0x000001ec       0x15 main.o
                                 0xa8 (size before relaxing)
 .debug_str     0x00000201       0xf2 gpio.o
                                0x202 (size before relaxing)
 .debug_str     0x000002f3       0x92 pmc.o
                                0x12d (size before relaxing)
 .debug_str     0x00000385       0x4f sdramc.o
                                 0xea (size before relaxing)
 .debug_str     0x000003d4      0x180 dataflash.o
                                0x318 (size before relaxing)
 .debug_str     0x00000554       0x1b div0.o
                                 0x8e (size before relaxing)
 .debug_str     0x0000056f       0x3d udiv.o
                                0x14b (size before relaxing)
 .debug_str     0x000005ac       0x3d string.o
                                 0xda (size before relaxing)

.comment        0x00000000      0x302
 .comment       0x00000000       0x4d at91sam9xeek.o
 .comment       0x0000004d       0x4d main.o
 .comment       0x0000009a       0x4d gpio.o
 .comment       0x000000e7       0x4d pmc.o
 .comment       0x00000134       0x4d debug.o
 .comment       0x00000181       0x4d sdramc.o
 .comment       0x000001ce       0x4d dataflash.o
 .comment       0x0000021b       0x4d div0.o
 .comment       0x00000268       0x4d udiv.o
 .comment       0x000002b5       0x4d string.o

.note.GNU-stack
                0x00000000        0x0
 .note.GNU-stack
                0x00000000        0x0 at91sam9xeek.o
 .note.GNU-stack
                0x00000000        0x0 main.o
 .note.GNU-stack
                0x00000000        0x0 gpio.o
 .note.GNU-stack
                0x00000000        0x0 pmc.o
 .note.GNU-stack
                0x00000000        0x0 debug.o
 .note.GNU-stack
                0x00000000        0x0 sdramc.o
 .note.GNU-stack
                0x00000000        0x0 dataflash.o
 .note.GNU-stack
                0x00000000        0x0 div0.o
 .note.GNU-stack
                0x00000000        0x0 udiv.o
 .note.GNU-stack
                0x00000000        0x0 string.o

.debug_ranges   0x00000000      0x3d0
 .debug_ranges  0x00000000       0xa8 gpio.o
 .debug_ranges  0x000000a8       0xc0 pmc.o
 .debug_ranges  0x00000168       0x80 sdramc.o
 .debug_ranges  0x000001e8      0x1e8 dataflash.o

Cross Reference Table

Symbol                                            File
__aeabi_uidiv                                     _udivsi3.o
                                                  _umodsi3.o
__aeabi_uidivmod                                  _umodsi3.o
__div0                                            div0.o
                                                  _umodsi3.o
                                                  _udivsi3.o
__udivsi3                                         _udivsi3.o
__umodsi3                                         _umodsi3.o
_ebss                                             crt0_gnu.o
_edata                                            crt0_gnu.o
_etext                                            crt0_gnu.o
_sbss                                             crt0_gnu.o
_sdata                                            crt0_gnu.o
bcopy                                             string.o
df_hw_init                                        at91sam9xeek.o
                                                  dataflash.o
df_recovery                                       at91sam9xeek.o
                                                  dataflash.o
df_send_command                                   dataflash.o
                                                  at91sam9xeek.o
hw_init                                           at91sam9xeek.o
                                                  main.o
load_df                                           dataflash.o
                                                  main.o
main                                              main.o
                                                  crt0_gnu.o
memcpy                                            string.o
memset                                            string.o
                                                  at91sam9xeek.o
pio_get_value                                     gpio.o
                                                  at91sam9xeek.o
pio_set_value                                     gpio.o
pio_setup                                         gpio.o
                                                  at91sam9xeek.o
pmc_cfg_mck                                       pmc.o
                                                  at91sam9xeek.o
pmc_cfg_pck                                       pmc.o
pmc_cfg_plla                                      pmc.o
                                                  at91sam9xeek.o
pmc_cfg_pllb                                      pmc.o
                                                  at91sam9xeek.o
reset                                             crt0_gnu.o
sdram_init                                        sdramc.o
                                                  at91sam9xeek.o
sdramc_hw_init                                    at91sam9xeek.o
                                                  sdramc.o
udiv                                              udiv.o
                                                  dataflash.o
