
Memory Configuration

Name             Origin             Length             Attributes
*default*        0x00000000         0xffffffff

Linker script and memory map

LOAD crt0_gnu.o
LOAD at91sam9rlek.o
LOAD main.o
LOAD gpio.o
LOAD pmc.o
LOAD debug.o
LOAD sdramc.o
LOAD dataflash.o
LOAD _udivsi3.o
LOAD _umodsi3.o
LOAD div0.o
LOAD udiv.o
LOAD string.o
                0x00000000                . = ALIGN (0x4)

.text           0x00300000      0xe40
                0x00300000                _stext = .
 *(.text)
 .text          0x00300000      0x130 crt0_gnu.o
                0x00300000                reset
 .text          0x00300130       0xcc at91sam9rlek.o
                0x00300130                df_hw_init
                0x00300148                hw_init
                0x0030013c                sdramc_hw_init
 .text          0x003001fc       0x2c main.o
                0x003001fc                main
 .text          0x00300228      0x228 gpio.o
                0x00300400                pio_set_value
                0x00300230                pio_get_value
                0x00300268                pio_setup
 .text          0x00300450       0xd4 pmc.o
                0x00300450                pmc_cfg_plla
                0x003004bc                pmc_cfg_mck
                0x003004f0                pmc_cfg_pllb
                0x00300484                pmc_cfg_pck
 .text          0x00300524        0x0 debug.o
 .text          0x00300524      0x130 sdramc.o
                0x00300524                sdram_init
 .text          0x00300654      0x380 dataflash.o
                0x003007fc                load_df
                0x00300654                df_send_command
 .text          0x003009d4       0x98 _udivsi3.o
                0x003009d4                __udivsi3
                0x003009d4                __aeabi_uidiv
 .text          0x00300a6c       0xcc _umodsi3.o
                0x00300a6c                __umodsi3
                0x00300b20                __aeabi_uidivmod
 .text          0x00300b38        0x4 div0.o
                0x00300b38                __div0
 .text          0x00300b3c       0x50 udiv.o
                0x00300b3c                udiv
 .text          0x00300b8c       0x9c string.o
                0x00300c0c                memcpy
                0x00300ba8                bcopy
                0x00300b8c                memset
 *(.rodata)
 .rodata        0x00300c28      0x1b8 at91sam9rlek.o
 *(.rodata*)
 .rodata.str1.4
                0x00300de0       0x60 at91sam9rlek.o
                0x00300e40                . = ALIGN (0x4)
                0x00300e40                _etext = .

.glue_7         0x00300e40        0x0
 .glue_7        0x00300e40        0x0 crt0_gnu.o
 .glue_7        0x00300e40        0x0 at91sam9rlek.o
 .glue_7        0x00300e40        0x0 main.o
 .glue_7        0x00300e40        0x0 gpio.o
 .glue_7        0x00300e40        0x0 pmc.o
 .glue_7        0x00300e40        0x0 debug.o
 .glue_7        0x00300e40        0x0 sdramc.o
 .glue_7        0x00300e40        0x0 dataflash.o
 .glue_7        0x00300e40        0x0 _udivsi3.o
 .glue_7        0x00300e40        0x0 _umodsi3.o
 .glue_7        0x00300e40        0x0 div0.o
 .glue_7        0x00300e40        0x0 udiv.o
 .glue_7        0x00300e40        0x0 string.o

.glue_7t        0x00300e40        0x0
 .glue_7t       0x00300e40        0x0 crt0_gnu.o
 .glue_7t       0x00300e40        0x0 at91sam9rlek.o
 .glue_7t       0x00300e40        0x0 main.o
 .glue_7t       0x00300e40        0x0 gpio.o
 .glue_7t       0x00300e40        0x0 pmc.o
 .glue_7t       0x00300e40        0x0 debug.o
 .glue_7t       0x00300e40        0x0 sdramc.o
 .glue_7t       0x00300e40        0x0 dataflash.o
 .glue_7t       0x00300e40        0x0 _udivsi3.o
 .glue_7t       0x00300e40        0x0 _umodsi3.o
 .glue_7t       0x00300e40        0x0 div0.o
 .glue_7t       0x00300e40        0x0 udiv.o
 .glue_7t       0x00300e40        0x0 string.o

.vfp11_veneer   0x00300e40        0x0
 .vfp11_veneer  0x00300e40        0x0 crt0_gnu.o
 .vfp11_veneer  0x00300e40        0x0 at91sam9rlek.o
 .vfp11_veneer  0x00300e40        0x0 main.o
 .vfp11_veneer  0x00300e40        0x0 gpio.o
 .vfp11_veneer  0x00300e40        0x0 pmc.o
 .vfp11_veneer  0x00300e40        0x0 debug.o
 .vfp11_veneer  0x00300e40        0x0 sdramc.o
 .vfp11_veneer  0x00300e40        0x0 dataflash.o
 .vfp11_veneer  0x00300e40        0x0 _udivsi3.o
 .vfp11_veneer  0x00300e40        0x0 _umodsi3.o
 .vfp11_veneer  0x00300e40        0x0 div0.o
 .vfp11_veneer  0x00300e40        0x0 udiv.o
 .vfp11_veneer  0x00300e40        0x0 string.o

.data           0x00300e40        0x0 load address 0x00300e40
                0x00300e40                _sdata = .
 *(.vectors)
 *(.data)
 .data          0x00300e40        0x0 crt0_gnu.o
 .data          0x00300e40        0x0 at91sam9rlek.o
 .data          0x00300e40        0x0 main.o
 .data          0x00300e40        0x0 gpio.o
 .data          0x00300e40        0x0 pmc.o
 .data          0x00300e40        0x0 debug.o
 .data          0x00300e40        0x0 sdramc.o
 .data          0x00300e40        0x0 dataflash.o
 .data          0x00300e40        0x0 _udivsi3.o
 .data          0x00300e40        0x0 _umodsi3.o
 .data          0x00300e40        0x0 div0.o
 .data          0x00300e40        0x0 udiv.o
 .data          0x00300e40        0x0 string.o
                0x00300e40                _edata = .

.bss            0x00300e40        0x0
                0x00300e40                . = ALIGN (0x4)
                0x00300e40                _sbss = .
 *(.bss)
 .bss           0x00300e40        0x0 crt0_gnu.o
 .bss           0x00300e40        0x0 at91sam9rlek.o
 .bss           0x00300e40        0x0 main.o
 .bss           0x00300e40        0x0 gpio.o
 .bss           0x00300e40        0x0 pmc.o
 .bss           0x00300e40        0x0 debug.o
 .bss           0x00300e40        0x0 sdramc.o
 .bss           0x00300e40        0x0 dataflash.o
 .bss           0x00300e40        0x0 _udivsi3.o
 .bss           0x00300e40        0x0 _umodsi3.o
 .bss           0x00300e40        0x0 div0.o
 .bss           0x00300e40        0x0 udiv.o
 .bss           0x00300e40        0x0 string.o
                0x00300e40                _ebss = .
                0x00300e40                end = .
Address of section .text set to 0x300000
OUTPUT(dataflash_at91sam9rlek.elf elf32-littlearm)
                0x00300e40                . = ALIGN (0x1)
                0x00300e40                __start_start = .

start           0x00000000        0x0
 start          0x00000000        0x0 crt0_gnu.o
                0x00000000                __stop_start = .

.ARM.attributes
                0x00000000       0x10
 .ARM.attributes
                0x00000000       0x20 crt0_gnu.o
 .ARM.attributes
                0x00000020       0x30 at91sam9rlek.o
 .ARM.attributes
                0x00000050       0x30 main.o
 .ARM.attributes
                0x00000080       0x30 gpio.o
 .ARM.attributes
                0x000000b0       0x30 pmc.o
 .ARM.attributes
                0x000000e0       0x2e debug.o
 .ARM.attributes
                0x0000010e       0x30 sdramc.o
 .ARM.attributes
                0x0000013e       0x30 dataflash.o
 .ARM.attributes
                0x0000016e       0x20 _udivsi3.o
 .ARM.attributes
                0x0000018e       0x20 _umodsi3.o
 .ARM.attributes
                0x000001ae       0x30 div0.o
 .ARM.attributes
                0x000001de       0x30 udiv.o
 .ARM.attributes
                0x0000020e       0x30 string.o

.debug_line     0x00000000      0x808
 .debug_line    0x00000000       0x84 crt0_gnu.o
 .debug_line    0x00000084       0xc5 at91sam9rlek.o
 .debug_line    0x00000149       0x44 main.o
 .debug_line    0x0000018d      0x13b gpio.o
 .debug_line    0x000002c8       0x8d pmc.o
 .debug_line    0x00000355       0x1d debug.o
 .debug_line    0x00000372       0xc8 sdramc.o
 .debug_line    0x0000043a      0x1a2 dataflash.o
 .debug_line    0x000005dc       0x6c _udivsi3.o
 .debug_line    0x00000648       0x79 _umodsi3.o
 .debug_line    0x000006c1       0x43 div0.o
 .debug_line    0x00000704       0xb2 udiv.o
 .debug_line    0x000007b6       0x52 string.o

.debug_info     0x00000000     0x1ae1
 .debug_info    0x00000000       0x8b crt0_gnu.o
 .debug_info    0x0000008b      0x1f7 at91sam9rlek.o
 .debug_info    0x00000282       0x5e main.o
 .debug_info    0x000002e0      0x7ec gpio.o
 .debug_info    0x00000acc      0x236 pmc.o
 .debug_info    0x00000d02        0x0 debug.o
 .debug_info    0x00000d02      0x236 sdramc.o
 .debug_info    0x00000f38      0x7df dataflash.o
 .debug_info    0x00001717       0x8f _udivsi3.o
 .debug_info    0x000017a6       0x8f _umodsi3.o
 .debug_info    0x00001835       0x39 div0.o
 .debug_info    0x0000186e      0x12a udiv.o
 .debug_info    0x00001998      0x149 string.o

.debug_abbrev   0x00000000      0x9ad
 .debug_abbrev  0x00000000       0x14 crt0_gnu.o
 .debug_abbrev  0x00000014      0x141 at91sam9rlek.o
 .debug_abbrev  0x00000155       0x4a main.o
 .debug_abbrev  0x0000019f      0x1ce gpio.o
 .debug_abbrev  0x0000036d       0xeb pmc.o
 .debug_abbrev  0x00000458        0x1 debug.o
 .debug_abbrev  0x00000459       0xcc sdramc.o
 .debug_abbrev  0x00000525      0x28c dataflash.o
 .debug_abbrev  0x000007b1       0x14 _udivsi3.o
 .debug_abbrev  0x000007c5       0x14 _umodsi3.o
 .debug_abbrev  0x000007d9       0x29 div0.o
 .debug_abbrev  0x00000802       0xcb udiv.o
 .debug_abbrev  0x000008cd       0xe0 string.o

.debug_aranges  0x00000000      0x180
 .debug_aranges
                0x00000000       0x20 crt0_gnu.o
 .debug_aranges
                0x00000020       0x20 at91sam9rlek.o
 .debug_aranges
                0x00000040       0x20 main.o
 .debug_aranges
                0x00000060       0x20 gpio.o
 .debug_aranges
                0x00000080       0x20 pmc.o
 .debug_aranges
                0x000000a0       0x20 sdramc.o
 .debug_aranges
                0x000000c0       0x20 dataflash.o
 .debug_aranges
                0x000000e0       0x20 _udivsi3.o
 .debug_aranges
                0x00000100       0x20 _umodsi3.o
 .debug_aranges
                0x00000120       0x20 div0.o
 .debug_aranges
                0x00000140       0x20 udiv.o
 .debug_aranges
                0x00000160       0x20 string.o

.debug_frame    0x00000000      0x278
 .debug_frame   0x00000000       0x4c at91sam9rlek.o
 .debug_frame   0x0000004c       0x28 main.o
 .debug_frame   0x00000074       0x74 gpio.o
 .debug_frame   0x000000e8       0x50 pmc.o
 .debug_frame   0x00000138       0x30 sdramc.o
 .debug_frame   0x00000168       0x80 dataflash.o
 .debug_frame   0x000001e8       0x20 div0.o
 .debug_frame   0x00000208       0x28 udiv.o
 .debug_frame   0x00000230       0x48 string.o

.debug_loc      0x00000000      0x93a
 .debug_loc     0x00000000       0x3e at91sam9rlek.o
 .debug_loc     0x0000003e       0x1f main.o
 .debug_loc     0x0000005d      0x368 gpio.o
 .debug_loc     0x000003c5       0x93 pmc.o
 .debug_loc     0x00000458       0x98 sdramc.o
 .debug_loc     0x000004f0      0x309 dataflash.o
 .debug_loc     0x000007f9       0x63 udiv.o
 .debug_loc     0x0000085c       0xde string.o

.debug_pubnames
                0x00000000      0x1b0
 .debug_pubnames
                0x00000000       0x40 at91sam9rlek.o
 .debug_pubnames
                0x00000040       0x1b main.o
 .debug_pubnames
                0x0000005b       0x44 gpio.o
 .debug_pubnames
                0x0000009f       0x54 pmc.o
 .debug_pubnames
                0x000000f3       0x21 sdramc.o
 .debug_pubnames
                0x00000114       0x32 dataflash.o
 .debug_pubnames
                0x00000146       0x1d div0.o
 .debug_pubnames
                0x00000163       0x1b udiv.o
 .debug_pubnames
                0x0000017e       0x32 string.o

.debug_str      0x00000000      0x5e0
 .debug_str     0x00000000      0x157 at91sam9rlek.o
                                0x181 (size before relaxing)
 .debug_str     0x00000157       0x15 main.o
                                 0xa8 (size before relaxing)
 .debug_str     0x0000016c       0xf2 gpio.o
                                0x202 (size before relaxing)
 .debug_str     0x0000025e       0x92 pmc.o
                                0x12d (size before relaxing)
 .debug_str     0x000002f0       0x4f sdramc.o
                                 0xea (size before relaxing)
 .debug_str     0x0000033f      0x20c dataflash.o
                                0x318 (size before relaxing)
 .debug_str     0x0000054b       0x1b div0.o
                                 0x8e (size before relaxing)
 .debug_str     0x00000566       0x3d udiv.o
                                0x14b (size before relaxing)
 .debug_str     0x000005a3       0x3d string.o
                                 0xda (size before relaxing)

.comment        0x00000000      0x302
 .comment       0x00000000       0x4d at91sam9rlek.o
 .comment       0x0000004d       0x4d main.o
 .comment       0x0000009a       0x4d gpio.o
 .comment       0x000000e7       0x4d pmc.o
 .comment       0x00000134       0x4d debug.o
 .comment       0x00000181       0x4d sdramc.o
 .comment       0x000001ce       0x4d dataflash.o
 .comment       0x0000021b       0x4d div0.o
 .comment       0x00000268       0x4d udiv.o
 .comment       0x000002b5       0x4d string.o

.note.GNU-stack
                0x00000000        0x0
 .note.GNU-stack
                0x00000000        0x0 at91sam9rlek.o
 .note.GNU-stack
                0x00000000        0x0 main.o
 .note.GNU-stack
                0x00000000        0x0 gpio.o
 .note.GNU-stack
                0x00000000        0x0 pmc.o
 .note.GNU-stack
                0x00000000        0x0 debug.o
 .note.GNU-stack
                0x00000000        0x0 sdramc.o
 .note.GNU-stack
                0x00000000        0x0 dataflash.o
 .note.GNU-stack
                0x00000000        0x0 div0.o
 .note.GNU-stack
                0x00000000        0x0 udiv.o
 .note.GNU-stack
                0x00000000        0x0 string.o

.debug_ranges   0x00000000      0x3d0
 .debug_ranges  0x00000000       0xc0 gpio.o
 .debug_ranges  0x000000c0       0xd8 pmc.o
 .debug_ranges  0x00000198       0x68 sdramc.o
 .debug_ranges  0x00000200      0x1d0 dataflash.o

Cross Reference Table

Symbol                                            File
__aeabi_uidiv                                     _udivsi3.o
                                                  _umodsi3.o
__aeabi_uidivmod                                  _umodsi3.o
__div0                                            div0.o
                                                  _umodsi3.o
                                                  _udivsi3.o
__udivsi3                                         _udivsi3.o
__umodsi3                                         _umodsi3.o
_ebss                                             crt0_gnu.o
_edata                                            crt0_gnu.o
_etext                                            crt0_gnu.o
_sbss                                             crt0_gnu.o
_sdata                                            crt0_gnu.o
bcopy                                             string.o
df_hw_init                                        at91sam9rlek.o
                                                  dataflash.o
df_send_command                                   dataflash.o
hw_init                                           at91sam9rlek.o
                                                  main.o
load_df                                           dataflash.o
                                                  main.o
main                                              main.o
                                                  crt0_gnu.o
memcpy                                            string.o
memset                                            string.o
                                                  at91sam9rlek.o
pio_get_value                                     gpio.o
pio_set_value                                     gpio.o
pio_setup                                         gpio.o
                                                  at91sam9rlek.o
pmc_cfg_mck                                       pmc.o
                                                  at91sam9rlek.o
pmc_cfg_pck                                       pmc.o
pmc_cfg_plla                                      pmc.o
                                                  at91sam9rlek.o
pmc_cfg_pllb                                      pmc.o
reset                                             crt0_gnu.o
sdram_init                                        sdramc.o
                                                  at91sam9rlek.o
sdramc_hw_init                                    at91sam9rlek.o
                                                  sdramc.o
udiv                                              udiv.o
                                                  dataflash.o
