
Memory Configuration

Name             Origin             Length             Attributes
*default*        0x00000000         0xffffffff

Linker script and memory map

LOAD crt0_gnu.o
LOAD at91sam9261ek.o
LOAD main.o
LOAD gpio.o
LOAD pmc.o
LOAD debug.o
LOAD sdramc.o
LOAD nandflash.o
LOAD _udivsi3.o
LOAD _umodsi3.o
LOAD div0.o
LOAD udiv.o
LOAD string.o
                0x00000000                . = ALIGN (0x4)

.text           0x00300000     0x1144
                0x00300000                _stext = .
 *(.text)
 .text          0x00300000      0x130 crt0_gnu.o
                0x00300000                reset
 .text          0x00300130      0x180 at91sam9261ek.o
                0x00300130                nandflash_cfg_16bits_dbw_init
                0x00300144                nandflash_cfg_8bits_dbw_init
                0x003001e4                hw_init
                0x00300158                nandflash_hw_init
                0x003001c4                sdramc_hw_init
 .text          0x003002b0       0x2c main.o
                0x003002b0                main
 .text          0x003002dc      0x230 gpio.o
                0x003004bc                pio_set_value
                0x003002e4                pio_get_value
                0x00300320                pio_setup
 .text          0x0030050c       0xd4 pmc.o
                0x0030050c                pmc_cfg_plla
                0x00300578                pmc_cfg_mck
                0x003005ac                pmc_cfg_pllb
                0x00300540                pmc_cfg_pck
 .text          0x003005e0       0x58 debug.o
                0x003005e0                dbg_print
                0x00300610                dbg_init
 .text          0x00300638      0x134 sdramc.o
                0x00300638                sdram_init
 .text          0x0030076c      0x4e0 nandflash.o
                0x00300968                CheckBlock
                0x003009d4                AT91F_NandRead
                0x0030076c                AT91F_NandEraseBlock0
                0x00300a30                load_nandflash
 .text          0x00300c4c       0x98 _udivsi3.o
                0x00300c4c                __udivsi3
                0x00300c4c                __aeabi_uidiv
 .text          0x00300ce4       0xcc _umodsi3.o
                0x00300ce4                __umodsi3
                0x00300d98                __aeabi_uidivmod
 .text          0x00300db0        0x4 div0.o
                0x00300db0                __div0
 .text          0x00300db4       0x54 udiv.o
                0x00300db4                udiv
 .text          0x00300e08       0xa0 string.o
                0x00300e88                memcpy
                0x00300e24                bcopy
                0x00300e08                memset
 *(.rodata)
 .rodata        0x00300ea8      0x1f4 at91sam9261ek.o
 *(.rodata*)
 .rodata.str1.4
                0x0030109c       0x84 at91sam9261ek.o
 .rodata.str1.4
                0x00301120       0x24 nandflash.o
                0x00301144                . = ALIGN (0x4)
                0x00301144                _etext = .

.glue_7         0x00301144        0x0
 .glue_7        0x00301144        0x0 crt0_gnu.o
 .glue_7        0x00301144        0x0 at91sam9261ek.o
 .glue_7        0x00301144        0x0 main.o
 .glue_7        0x00301144        0x0 gpio.o
 .glue_7        0x00301144        0x0 pmc.o
 .glue_7        0x00301144        0x0 debug.o
 .glue_7        0x00301144        0x0 sdramc.o
 .glue_7        0x00301144        0x0 nandflash.o
 .glue_7        0x00301144        0x0 _udivsi3.o
 .glue_7        0x00301144        0x0 _umodsi3.o
 .glue_7        0x00301144        0x0 div0.o
 .glue_7        0x00301144        0x0 udiv.o
 .glue_7        0x00301144        0x0 string.o

.glue_7t        0x00301144        0x0
 .glue_7t       0x00301144        0x0 crt0_gnu.o
 .glue_7t       0x00301144        0x0 at91sam9261ek.o
 .glue_7t       0x00301144        0x0 main.o
 .glue_7t       0x00301144        0x0 gpio.o
 .glue_7t       0x00301144        0x0 pmc.o
 .glue_7t       0x00301144        0x0 debug.o
 .glue_7t       0x00301144        0x0 sdramc.o
 .glue_7t       0x00301144        0x0 nandflash.o
 .glue_7t       0x00301144        0x0 _udivsi3.o
 .glue_7t       0x00301144        0x0 _umodsi3.o
 .glue_7t       0x00301144        0x0 div0.o
 .glue_7t       0x00301144        0x0 udiv.o
 .glue_7t       0x00301144        0x0 string.o

.vfp11_veneer   0x00301144        0x0
 .vfp11_veneer  0x00301144        0x0 crt0_gnu.o
 .vfp11_veneer  0x00301144        0x0 at91sam9261ek.o
 .vfp11_veneer  0x00301144        0x0 main.o
 .vfp11_veneer  0x00301144        0x0 gpio.o
 .vfp11_veneer  0x00301144        0x0 pmc.o
 .vfp11_veneer  0x00301144        0x0 debug.o
 .vfp11_veneer  0x00301144        0x0 sdramc.o
 .vfp11_veneer  0x00301144        0x0 nandflash.o
 .vfp11_veneer  0x00301144        0x0 _udivsi3.o
 .vfp11_veneer  0x00301144        0x0 _umodsi3.o
 .vfp11_veneer  0x00301144        0x0 div0.o
 .vfp11_veneer  0x00301144        0x0 udiv.o
 .vfp11_veneer  0x00301144        0x0 string.o

.data           0x00301144      0x100 load address 0x00301144
                0x00301144                _sdata = .
 *(.vectors)
 *(.data)
 .data          0x00301144        0x0 crt0_gnu.o
 .data          0x00301144        0x0 at91sam9261ek.o
 .data          0x00301144        0x0 main.o
 .data          0x00301144        0x0 gpio.o
 .data          0x00301144        0x0 pmc.o
 .data          0x00301144        0x0 debug.o
 .data          0x00301144        0x0 sdramc.o
 .data          0x00301144      0x100 nandflash.o
 .data          0x00301244        0x0 _udivsi3.o
 .data          0x00301244        0x0 _umodsi3.o
 .data          0x00301244        0x0 div0.o
 .data          0x00301244        0x0 udiv.o
 .data          0x00301244        0x0 string.o
                0x00301244                _edata = .

.bss            0x00301244        0x0
                0x00301244                . = ALIGN (0x4)
                0x00301244                _sbss = .
 *(.bss)
 .bss           0x00301244        0x0 crt0_gnu.o
 .bss           0x00301244        0x0 at91sam9261ek.o
 .bss           0x00301244        0x0 main.o
 .bss           0x00301244        0x0 gpio.o
 .bss           0x00301244        0x0 pmc.o
 .bss           0x00301244        0x0 debug.o
 .bss           0x00301244        0x0 sdramc.o
 .bss           0x00301244        0x0 nandflash.o
 .bss           0x00301244        0x0 _udivsi3.o
 .bss           0x00301244        0x0 _umodsi3.o
 .bss           0x00301244        0x0 div0.o
 .bss           0x00301244        0x0 udiv.o
 .bss           0x00301244        0x0 string.o
                0x00301244                _ebss = .
                0x00301244                end = .
Address of section .text set to 0x300000
OUTPUT(nandflash_at91sam9261ek.elf elf32-littlearm)
                0x00301244                . = ALIGN (0x1)
                0x00301244                __start_start = .

start           0x00000000        0x0
 start          0x00000000        0x0 crt0_gnu.o
                0x00000000                __stop_start = .

.ARM.attributes
                0x00000000       0x10
 .ARM.attributes
                0x00000000       0x1a crt0_gnu.o
 .ARM.attributes
                0x0000001a       0x2a at91sam9261ek.o
 .ARM.attributes
                0x00000044       0x2a main.o
 .ARM.attributes
                0x0000006e       0x2a gpio.o
 .ARM.attributes
                0x00000098       0x2a pmc.o
 .ARM.attributes
                0x000000c2       0x2a debug.o
 .ARM.attributes
                0x000000ec       0x2a sdramc.o
 .ARM.attributes
                0x00000116       0x2a nandflash.o
 .ARM.attributes
                0x00000140       0x1a _udivsi3.o
 .ARM.attributes
                0x0000015a       0x1a _umodsi3.o
 .ARM.attributes
                0x00000174       0x2a div0.o
 .ARM.attributes
                0x0000019e       0x2a udiv.o
 .ARM.attributes
                0x000001c8       0x2a string.o

.debug_line     0x00000000      0x854
 .debug_line    0x00000000       0x84 crt0_gnu.o
 .debug_line    0x00000084       0xec at91sam9261ek.o
 .debug_line    0x00000170       0x4b main.o
 .debug_line    0x000001bb      0x125 gpio.o
 .debug_line    0x000002e0       0x82 pmc.o
 .debug_line    0x00000362       0x63 debug.o
 .debug_line    0x000003c5       0xc7 sdramc.o
 .debug_line    0x0000048c      0x19c nandflash.o
 .debug_line    0x00000628       0x6c _udivsi3.o
 .debug_line    0x00000694       0x79 _umodsi3.o
 .debug_line    0x0000070d       0x43 div0.o
 .debug_line    0x00000750       0xb2 udiv.o
 .debug_line    0x00000802       0x52 string.o

.debug_info     0x00000000     0x1ab3
 .debug_info    0x00000000       0x8c crt0_gnu.o
 .debug_info    0x0000008c      0x228 at91sam9261ek.o
 .debug_info    0x000002b4       0x5e main.o
 .debug_info    0x00000312      0x7f0 gpio.o
 .debug_info    0x00000b02      0x23a pmc.o
 .debug_info    0x00000d3c      0x17a debug.o
 .debug_info    0x00000eb6      0x232 sdramc.o
 .debug_info    0x000010e8      0x5ff nandflash.o
 .debug_info    0x000016e7       0x90 _udivsi3.o
 .debug_info    0x00001777       0x90 _umodsi3.o
 .debug_info    0x00001807       0x39 div0.o
 .debug_info    0x00001840      0x12a udiv.o
 .debug_info    0x0000196a      0x149 string.o

.debug_abbrev   0x00000000      0xa1b
 .debug_abbrev  0x00000000       0x14 crt0_gnu.o
 .debug_abbrev  0x00000014      0x130 at91sam9261ek.o
 .debug_abbrev  0x00000144       0x4a main.o
 .debug_abbrev  0x0000018e      0x1ce gpio.o
 .debug_abbrev  0x0000035c      0x105 pmc.o
 .debug_abbrev  0x00000461      0x107 debug.o
 .debug_abbrev  0x00000568       0xcc sdramc.o
 .debug_abbrev  0x00000634      0x1eb nandflash.o
 .debug_abbrev  0x0000081f       0x14 _udivsi3.o
 .debug_abbrev  0x00000833       0x14 _umodsi3.o
 .debug_abbrev  0x00000847       0x29 div0.o
 .debug_abbrev  0x00000870       0xcb udiv.o
 .debug_abbrev  0x0000093b       0xe0 string.o

.debug_aranges  0x00000000      0x1a0
 .debug_aranges
                0x00000000       0x20 crt0_gnu.o
 .debug_aranges
                0x00000020       0x20 at91sam9261ek.o
 .debug_aranges
                0x00000040       0x20 main.o
 .debug_aranges
                0x00000060       0x20 gpio.o
 .debug_aranges
                0x00000080       0x20 pmc.o
 .debug_aranges
                0x000000a0       0x20 debug.o
 .debug_aranges
                0x000000c0       0x20 sdramc.o
 .debug_aranges
                0x000000e0       0x20 nandflash.o
 .debug_aranges
                0x00000100       0x20 _udivsi3.o
 .debug_aranges
                0x00000120       0x20 _umodsi3.o
 .debug_aranges
                0x00000140       0x20 div0.o
 .debug_aranges
                0x00000160       0x20 udiv.o
 .debug_aranges
                0x00000180       0x20 string.o

.debug_frame    0x00000000      0x2fc
 .debug_frame   0x00000000       0x78 at91sam9261ek.o
 .debug_frame   0x00000078       0x28 main.o
 .debug_frame   0x000000a0       0x74 gpio.o
 .debug_frame   0x00000114       0x50 pmc.o
 .debug_frame   0x00000164       0x30 debug.o
 .debug_frame   0x00000194       0x30 sdramc.o
 .debug_frame   0x000001c4       0xa8 nandflash.o
 .debug_frame   0x0000026c       0x20 div0.o
 .debug_frame   0x0000028c       0x28 udiv.o
 .debug_frame   0x000002b4       0x48 string.o

.debug_loc      0x00000000      0xaa7
 .debug_loc     0x00000000       0x88 at91sam9261ek.o
 .debug_loc     0x00000088       0x1f main.o
 .debug_loc     0x000000a7      0x394 gpio.o
 .debug_loc     0x0000043b       0x93 pmc.o
 .debug_loc     0x000004ce       0x98 sdramc.o
 .debug_loc     0x00000566      0x400 nandflash.o
 .debug_loc     0x00000966       0x63 udiv.o
 .debug_loc     0x000009c9       0xde string.o

.debug_pubnames
                0x00000000      0x256
 .debug_pubnames
                0x00000000       0x8a at91sam9261ek.o
 .debug_pubnames
                0x0000008a       0x1b main.o
 .debug_pubnames
                0x000000a5       0x44 gpio.o
 .debug_pubnames
                0x000000e9       0x54 pmc.o
 .debug_pubnames
                0x0000013d       0x2d debug.o
 .debug_pubnames
                0x0000016a       0x21 sdramc.o
 .debug_pubnames
                0x0000018b       0x61 nandflash.o
 .debug_pubnames
                0x000001ec       0x1d div0.o
 .debug_pubnames
                0x00000209       0x1b udiv.o
 .debug_pubnames
                0x00000224       0x32 string.o

.debug_str      0x00000000      0x7f3
 .debug_str     0x00000000      0x19e at91sam9261ek.o
                                0x1c8 (size before relaxing)
 .debug_str     0x0000019e       0x15 main.o
                                 0xa9 (size before relaxing)
 .debug_str     0x000001b3       0xf9 gpio.o
                                0x203 (size before relaxing)
 .debug_str     0x000002ac       0x92 pmc.o
                                0x12e (size before relaxing)
 .debug_str     0x0000033e       0x49 debug.o
                                 0xdc (size before relaxing)
 .debug_str     0x00000387       0x4f sdramc.o
                                 0xeb (size before relaxing)
 .debug_str     0x000003d6      0x33b nandflash.o
                                0x3f1 (size before relaxing)
 .debug_str     0x00000711       0x1b div0.o
                                 0x8f (size before relaxing)
 .debug_str     0x0000072c       0x91 udiv.o
                                0x14c (size before relaxing)
 .debug_str     0x000007bd       0x36 string.o
                                 0xdb (size before relaxing)

.comment        0x00000000      0x302
 .comment       0x00000000       0x4d at91sam9261ek.o
 .comment       0x0000004d       0x4d main.o
 .comment       0x0000009a       0x4d gpio.o
 .comment       0x000000e7       0x4d pmc.o
 .comment       0x00000134       0x4d debug.o
 .comment       0x00000181       0x4d sdramc.o
 .comment       0x000001ce       0x4d nandflash.o
 .comment       0x0000021b       0x4d div0.o
 .comment       0x00000268       0x4d udiv.o
 .comment       0x000002b5       0x4d string.o

.note.GNU-stack
                0x00000000        0x0
 .note.GNU-stack
                0x00000000        0x0 at91sam9261ek.o
 .note.GNU-stack
                0x00000000        0x0 main.o
 .note.GNU-stack
                0x00000000        0x0 gpio.o
 .note.GNU-stack
                0x00000000        0x0 pmc.o
 .note.GNU-stack
                0x00000000        0x0 debug.o
 .note.GNU-stack
                0x00000000        0x0 sdramc.o
 .note.GNU-stack
                0x00000000        0x0 nandflash.o
 .note.GNU-stack
                0x00000000        0x0 div0.o
 .note.GNU-stack
                0x00000000        0x0 udiv.o
 .note.GNU-stack
                0x00000000        0x0 string.o

.debug_ranges   0x00000000      0x290
 .debug_ranges  0x00000000       0xa8 gpio.o
 .debug_ranges  0x000000a8       0xc0 pmc.o
 .debug_ranges  0x00000168       0x78 debug.o
 .debug_ranges  0x000001e0       0x80 sdramc.o
 .debug_ranges  0x00000260       0x30 nandflash.o

Cross Reference Table

Symbol                                            File
AT91F_NandEraseBlock0                             nandflash.o
AT91F_NandRead                                    nandflash.o
CheckBlock                                        nandflash.o
__aeabi_uidiv                                     _udivsi3.o
                                                  _umodsi3.o
                                                  nandflash.o
__aeabi_uidivmod                                  _umodsi3.o
                                                  nandflash.o
__div0                                            div0.o
                                                  _umodsi3.o
                                                  _udivsi3.o
__udivsi3                                         _udivsi3.o
__umodsi3                                         _umodsi3.o
_ebss                                             crt0_gnu.o
_edata                                            crt0_gnu.o
_etext                                            crt0_gnu.o
_sbss                                             crt0_gnu.o
_sdata                                            crt0_gnu.o
bcopy                                             string.o
dbg_init                                          debug.o
                                                  at91sam9261ek.o
dbg_print                                         debug.o
                                                  nandflash.o
                                                  at91sam9261ek.o
hw_init                                           at91sam9261ek.o
                                                  main.o
load_nandflash                                    nandflash.o
                                                  main.o
main                                              main.o
                                                  crt0_gnu.o
memcpy                                            string.o
memset                                            string.o
nandflash_cfg_16bits_dbw_init                     at91sam9261ek.o
nandflash_cfg_8bits_dbw_init                      at91sam9261ek.o
                                                  nandflash.o
nandflash_hw_init                                 at91sam9261ek.o
                                                  nandflash.o
pio_get_value                                     gpio.o
pio_set_value                                     gpio.o
pio_setup                                         gpio.o
                                                  at91sam9261ek.o
pmc_cfg_mck                                       pmc.o
                                                  at91sam9261ek.o
pmc_cfg_pck                                       pmc.o
pmc_cfg_plla                                      pmc.o
                                                  at91sam9261ek.o
pmc_cfg_pllb                                      pmc.o
                                                  at91sam9261ek.o
reset                                             crt0_gnu.o
sdram_init                                        sdramc.o
                                                  at91sam9261ek.o
sdramc_hw_init                                    at91sam9261ek.o
                                                  sdramc.o
udiv                                              udiv.o
